// Jest Snapshot v1, https://goo.gl/fbAQLP

exports[`BookmarkList renders correctly 1`] = `
<div>
  <div
    className=""
    style={Object {}}
  >
    <div>
      <div
        className="bookmark"
      >
        <div
          className="Collapsible"
        >
          <span
            aria-controls="collapsible-content-1663422456000"
            aria-disabled={false}
            aria-expanded={false}
            className="Collapsible__trigger is-closed"
            id="collapsible-trigger-1663422456000"
            onClick={[Function]}
            onKeyPress={[Function]}
            role="button"
            style={null}
            tabIndex={null}
          >
            <input
              checked={false}
              className="done_checkbox"
              onChange={[Function]}
              onClick={[Function]}
              type="checkbox"
            />
            <div
              className="header_div"
              data-for="registerTip23f69d44-2080-430e-a53d-794689a78754"
              data-tip={true}
              onMouseEnter={[Function]}
              onMouseLeave={[Function]}
            >
              <span>
                <button
                  className="btn_remove"
                  onClick={[Function]}
                >
                  x
                </button>
              </span>
              <div
                className="summary_preview"
              >
                <span
                  className="summary_preview_text"
                >
                  For UI and server...
                </span>
                (
                <a
                  href="bookmark/23f69d44-2080-430e-a53d-794689a78754"
                  onClick={[Function]}
                >
                  Link
                </a>
                )
              </div>
              <div
                className="summary"
                contentEditable={true}
                dangerouslySetInnerHTML={
                  Object {
                    "__html": "Tests",
                  }
                }
                disabled={false}
                onBlur={[Function]}
                onChange={[Function]}
                onInput={[Function]}
                onKeyDown={[Function]}
                onKeyUp={[Function]}
              />
            </div>
          </span>
          <div
            aria-labelledby="collapsible-trigger-1663422456000"
            className="Collapsible__contentOuter"
            hidden={false}
            id="collapsible-content-1663422456000"
            onTransitionEnd={[Function]}
            role="region"
            style={
              Object {
                "WebkitTransition": "height 400ms linear",
                "height": 0,
                "msTransition": "height 400ms linear",
                "overflow": "hidden",
                "transition": "height 400ms linear",
              }
            }
          >
            <div
              className="Collapsible__contentInner"
            >
              <div
                className="created"
              >
                Created: 
                7 months ago
              </div>
              <div
                className="created"
              >
                Updated: 
                7 months ago
              </div>
              <div
                className="contents"
                contentEditable={true}
                dangerouslySetInnerHTML={
                  Object {
                    "__html": "For UI and server",
                  }
                }
                disabled={false}
                onBlur={[Function]}
                onChange={[Function]}
                onInput={[Function]}
                onKeyDown={[Function]}
                onKeyUp={[Function]}
              />
              <br />
              <div
                className="container tags_container"
                onClick={[Function]}
              >
                <span
                  className="tag"
                  onClick={[Function]}
                  onMouseEnter={[Function]}
                  onMouseLeave={[Function]}
                >
                  UI
                </span>
                <span
                  className="tag"
                  onClick={[Function]}
                  onMouseEnter={[Function]}
                  onMouseLeave={[Function]}
                >
                  Server
                </span>
                <span
                  className="tag"
                  onClick={[Function]}
                  onMouseEnter={[Function]}
                  onMouseLeave={[Function]}
                >
                  Infrastructure
                </span>
                <span
                  className="tag"
                  onClick={[Function]}
                  onMouseEnter={[Function]}
                  onMouseLeave={[Function]}
                >
                  CodeQuality
                </span>
                <span
                  className="sp"
                >
                  <input
                    className="input"
                    onBlur={[Function]}
                    onChange={[Function]}
                    onKeyDown={[Function]}
                    placeholder="Tags"
                    value=""
                  />
                </span>
              </div>
            </div>
          </div>
        </div>
      </div>
      <div
        className="bookmark"
      >
        <div
          className="Collapsible"
        >
          <span
            aria-controls="collapsible-content-1663422456000"
            aria-disabled={false}
            aria-expanded={false}
            className="Collapsible__trigger is-closed"
            id="collapsible-trigger-1663422456000"
            onClick={[Function]}
            onKeyPress={[Function]}
            role="button"
            style={null}
            tabIndex={null}
          >
            <input
              checked={false}
              className="done_checkbox"
              onChange={[Function]}
              onClick={[Function]}
              type="checkbox"
            />
            <div
              className="header_div"
              data-for="registerTip633a089a-1076-4904-8650-4160db0549a9"
              data-tip={true}
              onMouseEnter={[Function]}
              onMouseLeave={[Function]}
            >
              <span>
                <button
                  className="btn_remove"
                  onClick={[Function]}
                >
                  x
                </button>
              </span>
              <div
                className="summary_preview"
              >
                <span
                  className="summary_preview_text"
                >
                  Reminder/due date property for bookmark...
                </span>
                (
                <a
                  href="bookmark/633a089a-1076-4904-8650-4160db0549a9"
                  onClick={[Function]}
                >
                  Link
                </a>
                )
              </div>
              <div
                className="summary"
                contentEditable={true}
                dangerouslySetInnerHTML={
                  Object {
                    "__html": "Bookmark - reminder",
                  }
                }
                disabled={false}
                onBlur={[Function]}
                onChange={[Function]}
                onInput={[Function]}
                onKeyDown={[Function]}
                onKeyUp={[Function]}
              />
            </div>
          </span>
          <div
            aria-labelledby="collapsible-trigger-1663422456000"
            className="Collapsible__contentOuter"
            hidden={false}
            id="collapsible-content-1663422456000"
            onTransitionEnd={[Function]}
            role="region"
            style={
              Object {
                "WebkitTransition": "height 400ms linear",
                "height": 0,
                "msTransition": "height 400ms linear",
                "overflow": "hidden",
                "transition": "height 400ms linear",
              }
            }
          >
            <div
              className="Collapsible__contentInner"
            >
              <div
                className="created"
              >
                Created: 
                7 months ago
              </div>
              <div
                className="contents"
                contentEditable={true}
                dangerouslySetInnerHTML={
                  Object {
                    "__html": "Reminder/due date property for bookmark",
                  }
                }
                disabled={false}
                onBlur={[Function]}
                onChange={[Function]}
                onInput={[Function]}
                onKeyDown={[Function]}
                onKeyUp={[Function]}
              />
              <br />
              <div
                className="container tags_container"
                onClick={[Function]}
              >
                <span
                  className="tag"
                  onClick={[Function]}
                  onMouseEnter={[Function]}
                  onMouseLeave={[Function]}
                >
                  Functionality
                </span>
                <span
                  className="sp"
                >
                  <input
                    className="input"
                    onBlur={[Function]}
                    onChange={[Function]}
                    onKeyDown={[Function]}
                    placeholder="Tags"
                    value=""
                  />
                </span>
              </div>
            </div>
          </div>
        </div>
      </div>
      <div
        className="bookmark"
      >
        <div
          className="Collapsible"
        >
          <span
            aria-controls="collapsible-content-1663422456000"
            aria-disabled={false}
            aria-expanded={false}
            className="Collapsible__trigger is-closed"
            id="collapsible-trigger-1663422456000"
            onClick={[Function]}
            onKeyPress={[Function]}
            role="button"
            style={null}
            tabIndex={null}
          >
            <input
              checked={true}
              className="done_checkbox"
              onChange={[Function]}
              onClick={[Function]}
              type="checkbox"
            />
            <div
              className="header_div"
              data-for="registerTipab2809a7-de53-4494-8ece-2aeecadce254"
              data-tip={true}
              onMouseEnter={[Function]}
              onMouseLeave={[Function]}
            >
              <span>
                <button
                  className="btn_remove"
                  onClick={[Function]}
                >
                  x
                </button>
              </span>
              <div
                className="summary_preview"
              >
                <span
                  className="summary_preview_text"
                >
                  Ability to edit tags for existing bookmarks...
                </span>
                (
                <a
                  href="bookmark/ab2809a7-de53-4494-8ece-2aeecadce254"
                  onClick={[Function]}
                >
                  Link
                </a>
                )
              </div>
              <div
                className="summary done"
                contentEditable={true}
                dangerouslySetInnerHTML={
                  Object {
                    "__html": "Edit tags",
                  }
                }
                disabled={false}
                onBlur={[Function]}
                onChange={[Function]}
                onInput={[Function]}
                onKeyDown={[Function]}
                onKeyUp={[Function]}
              />
            </div>
          </span>
          <div
            aria-labelledby="collapsible-trigger-1663422456000"
            className="Collapsible__contentOuter"
            hidden={false}
            id="collapsible-content-1663422456000"
            onTransitionEnd={[Function]}
            role="region"
            style={
              Object {
                "WebkitTransition": "height 400ms linear",
                "height": 0,
                "msTransition": "height 400ms linear",
                "overflow": "hidden",
                "transition": "height 400ms linear",
              }
            }
          >
            <div
              className="Collapsible__contentInner"
            >
              <div
                className="created"
              >
                Created: 
                8 months ago
              </div>
              <div
                className="created"
              >
                Updated: 
                7 months ago
              </div>
              <div
                className="contents"
                contentEditable={true}
                dangerouslySetInnerHTML={
                  Object {
                    "__html": "Ability to edit tags for existing bookmarks",
                  }
                }
                disabled={false}
                onBlur={[Function]}
                onChange={[Function]}
                onInput={[Function]}
                onKeyDown={[Function]}
                onKeyUp={[Function]}
              />
              <br />
              <div
                className="container tags_container"
                onClick={[Function]}
              >
                <span
                  className="tag"
                  onClick={[Function]}
                  onMouseEnter={[Function]}
                  onMouseLeave={[Function]}
                >
                  Task
                </span>
                <span
                  className="sp"
                >
                  <input
                    className="input"
                    onBlur={[Function]}
                    onChange={[Function]}
                    onKeyDown={[Function]}
                    placeholder="Tags"
                    value=""
                  />
                </span>
              </div>
            </div>
          </div>
        </div>
      </div>
    </div>
  </div>
</div>
`;

exports[`BookmarkList renders correctlyempty bookmark list 1`] = `
<div>
  (No bookmarks)
</div>
`;
