// Jest Snapshot v1, https://goo.gl/fbAQLP

exports[`BookmarksPage tests BookmarksPage renders correctly 1`] = `
Array [
  <div>
    <div
      className="Modal"
      onClick={[Function]}
    >
      <div
        className="ModalContent"
        onClick={[Function]}
      >
        <form
          className="bookmark_form form_invalid"
        >
          <input
            className="input"
            onChange={[Function]}
            placeholder="Summary"
            value=""
          />
          <div
            className="textarea_wrapper"
          >
            <textarea
              className="textarea"
              onChange={[Function]}
              onKeyDown={[Function]}
              placeholder="Contents"
              rows={3}
              value=""
            />
          </div>
          <div
            className="container tags_container"
            onClick={[Function]}
          >
            <span
              className="sp"
            >
              <input
                className="input"
                onBlur={[Function]}
                onChange={[Function]}
                onKeyDown={[Function]}
                placeholder="Tags"
                value=""
              />
            </span>
          </div>
          <button
            className="button"
            onClick={[Function]}
          >
            ✔️Add
          </button>
        </form>
      </div>
    </div>
    <button
      className="btn_add"
      onClick={[Function]}
    >
      ➕
    </button>
    <button
      className="Polaris-Tag Polaris-Tag--clickable"
      disabled={false}
      onClick={[Function]}
      type="button"
    >
      ❌
    </button>
    <div>
      (No bookmarks)
    </div>
  </div>,
  <div
    id="PolarisPortalsContainer"
  />,
]
`;
