// Jest Snapshot v1, https://goo.gl/fbAQLP

exports[`CalendarPage test CalendarPage renders correctly 1`] = `
Array [
  <div
    className="Polaris-DatePicker"
    onKeyDown={[Function]}
    onKeyUp={[Function]}
  >
    <div
      className="Polaris-DatePicker__Header"
    >
      <button
        aria-label="Show previous month, August 2022"
        className="Polaris-Button Polaris-Button--plain Polaris-Button--iconOnly"
        onClick={[Function]}
        onMouseUp={[Function]}
        type="button"
      >
        <span
          className="Polaris-Button__Content"
        >
          <span
            className="Polaris-Button__Icon"
          >
            <span
              className="Polaris-Icon"
            >
              <span
                className="Polaris-Text--root Polaris-Text--visuallyHidden"
              />
              <svg
                aria-hidden="true"
                className="Polaris-Icon__Svg"
                focusable="false"
                viewBox="0 0 20 20"
              >
                <path
                  d="M17 9h-11.586l3.293-3.293a.999.999 0 1 0-1.414-1.414l-5 5a.999.999 0 0 0 0 1.414l5 5a.997.997 0 0 0 1.414 0 .999.999 0 0 0 0-1.414l-3.293-3.293h11.586a1 1 0 1 0 0-2z"
                />
              </svg>
            </span>
          </span>
        </span>
      </button>
      <button
        aria-label="Show next month, October 2022"
        className="Polaris-Button Polaris-Button--plain Polaris-Button--iconOnly"
        onClick={[Function]}
        onMouseUp={[Function]}
        type="button"
      >
        <span
          className="Polaris-Button__Content"
        >
          <span
            className="Polaris-Button__Icon"
          >
            <span
              className="Polaris-Icon"
            >
              <span
                className="Polaris-Text--root Polaris-Text--visuallyHidden"
              />
              <svg
                aria-hidden="true"
                className="Polaris-Icon__Svg"
                focusable="false"
                viewBox="0 0 20 20"
              >
                <path
                  d="m17.707 9.293-5-5a.999.999 0 1 0-1.414 1.414l3.293 3.293h-11.586a1 1 0 1 0 0 2h11.586l-3.293 3.293a.999.999 0 1 0 1.414 1.414l5-5a.999.999 0 0 0 0-1.414z"
                />
              </svg>
            </span>
          </span>
        </span>
      </button>
    </div>
    <div
      className="Polaris-DatePicker__MonthLayout"
    >
      <div
        className="Polaris-DatePicker__MonthContainer"
      >
        <table
          className="Polaris-DatePicker__Month"
          role="grid"
        >
          <caption
            className="Polaris-DatePicker__Title Polaris-DatePicker__Month--current"
          >
            September
             
            2022
          </caption>
          <thead>
            <tr>
              <th
                aria-label="Sunday"
                className="Polaris-DatePicker__Weekday"
                scope="col"
              >
                Su
              </th>
              <th
                aria-label="Monday"
                className="Polaris-DatePicker__Weekday"
                scope="col"
              >
                Mo
              </th>
              <th
                aria-label="Tuesday"
                className="Polaris-DatePicker__Weekday"
                scope="col"
              >
                Tu
              </th>
              <th
                aria-label="Wednesday"
                className="Polaris-DatePicker__Weekday"
                scope="col"
              >
                We
              </th>
              <th
                aria-label="Thursday"
                className="Polaris-DatePicker__Weekday"
                scope="col"
              >
                Th
              </th>
              <th
                aria-label="Friday"
                className="Polaris-DatePicker__Weekday"
                scope="col"
              >
                Fr
              </th>
              <th
                aria-label="Saturday"
                className="Polaris-DatePicker__Weekday Polaris-DatePicker__Weekday--current"
                scope="col"
              >
                Sa
              </th>
            </tr>
          </thead>
          <tbody>
            <tr
              className="Polaris-DatePicker__Week"
            >
              <td
                className="Polaris-DatePicker__EmptyDayCell"
                onMouseOver={[Function]}
              />
              <td
                className="Polaris-DatePicker__EmptyDayCell"
                onMouseOver={[Function]}
              />
              <td
                className="Polaris-DatePicker__EmptyDayCell"
                onMouseOver={[Function]}
              />
              <td
                className="Polaris-DatePicker__EmptyDayCell"
                onMouseOver={[Function]}
              />
              <td
                className="Polaris-DatePicker__DayCell"
              >
                <button
                  aria-disabled={false}
                  aria-label="Thursday September 1 2022"
                  aria-pressed={false}
                  className="Polaris-DatePicker__Day Polaris-DatePicker__Day--hasRange"
                  onClick={[Function]}
                  onFocus={[Function]}
                  onMouseOver={[Function]}
                  tabIndex={0}
                  type="button"
                >
                  1
                </button>
              </td>
              <td
                className="Polaris-DatePicker__DayCell"
              >
                <button
                  aria-disabled={false}
                  aria-label="Friday September 2 2022"
                  aria-pressed={false}
                  className="Polaris-DatePicker__Day Polaris-DatePicker__Day--hasRange"
                  onClick={[Function]}
                  onFocus={[Function]}
                  onMouseOver={[Function]}
                  tabIndex={-1}
                  type="button"
                >
                  2
                </button>
              </td>
              <td
                className="Polaris-DatePicker__DayCell"
              >
                <button
                  aria-disabled={false}
                  aria-label="Saturday September 3 2022"
                  aria-pressed={false}
                  className="Polaris-DatePicker__Day Polaris-DatePicker__Day--hasRange"
                  onClick={[Function]}
                  onFocus={[Function]}
                  onMouseOver={[Function]}
                  tabIndex={-1}
                  type="button"
                >
                  3
                </button>
              </td>
            </tr>
            <tr
              className="Polaris-DatePicker__Week"
            >
              <td
                className="Polaris-DatePicker__DayCell"
              >
                <button
                  aria-disabled={false}
                  aria-label="Sunday September 4 2022"
                  aria-pressed={false}
                  className="Polaris-DatePicker__Day Polaris-DatePicker__Day--hasRange"
                  onClick={[Function]}
                  onFocus={[Function]}
                  onMouseOver={[Function]}
                  tabIndex={-1}
                  type="button"
                >
                  4
                </button>
              </td>
              <td
                className="Polaris-DatePicker__DayCell"
              >
                <button
                  aria-disabled={false}
                  aria-label="Monday September 5 2022"
                  aria-pressed={false}
                  className="Polaris-DatePicker__Day Polaris-DatePicker__Day--hasRange"
                  onClick={[Function]}
                  onFocus={[Function]}
                  onMouseOver={[Function]}
                  tabIndex={-1}
                  type="button"
                >
                  5
                </button>
              </td>
              <td
                className="Polaris-DatePicker__DayCell"
              >
                <button
                  aria-disabled={false}
                  aria-label="Tuesday September 6 2022"
                  aria-pressed={false}
                  className="Polaris-DatePicker__Day Polaris-DatePicker__Day--hasRange"
                  onClick={[Function]}
                  onFocus={[Function]}
                  onMouseOver={[Function]}
                  tabIndex={-1}
                  type="button"
                >
                  6
                </button>
              </td>
              <td
                className="Polaris-DatePicker__DayCell"
              >
                <button
                  aria-disabled={false}
                  aria-label="Wednesday September 7 2022"
                  aria-pressed={false}
                  className="Polaris-DatePicker__Day Polaris-DatePicker__Day--hasRange"
                  onClick={[Function]}
                  onFocus={[Function]}
                  onMouseOver={[Function]}
                  tabIndex={-1}
                  type="button"
                >
                  7
                </button>
              </td>
              <td
                className="Polaris-DatePicker__DayCell"
              >
                <button
                  aria-disabled={false}
                  aria-label="Thursday September 8 2022"
                  aria-pressed={false}
                  className="Polaris-DatePicker__Day Polaris-DatePicker__Day--hasRange"
                  onClick={[Function]}
                  onFocus={[Function]}
                  onMouseOver={[Function]}
                  tabIndex={-1}
                  type="button"
                >
                  8
                </button>
              </td>
              <td
                className="Polaris-DatePicker__DayCell"
              >
                <button
                  aria-disabled={false}
                  aria-label="Friday September 9 2022"
                  aria-pressed={false}
                  className="Polaris-DatePicker__Day Polaris-DatePicker__Day--hasRange"
                  onClick={[Function]}
                  onFocus={[Function]}
                  onMouseOver={[Function]}
                  tabIndex={-1}
                  type="button"
                >
                  9
                </button>
              </td>
              <td
                className="Polaris-DatePicker__DayCell"
              >
                <button
                  aria-disabled={false}
                  aria-label="Saturday September 10 2022"
                  aria-pressed={false}
                  className="Polaris-DatePicker__Day Polaris-DatePicker__Day--hasRange"
                  onClick={[Function]}
                  onFocus={[Function]}
                  onMouseOver={[Function]}
                  tabIndex={-1}
                  type="button"
                >
                  10
                </button>
              </td>
            </tr>
            <tr
              className="Polaris-DatePicker__Week"
            >
              <td
                className="Polaris-DatePicker__DayCell"
              >
                <button
                  aria-disabled={false}
                  aria-label="Sunday September 11 2022"
                  aria-pressed={false}
                  className="Polaris-DatePicker__Day Polaris-DatePicker__Day--hasRange"
                  onClick={[Function]}
                  onFocus={[Function]}
                  onMouseOver={[Function]}
                  tabIndex={-1}
                  type="button"
                >
                  11
                </button>
              </td>
              <td
                className="Polaris-DatePicker__DayCell"
              >
                <button
                  aria-disabled={false}
                  aria-label="Monday September 12 2022"
                  aria-pressed={false}
                  className="Polaris-DatePicker__Day Polaris-DatePicker__Day--hasRange"
                  onClick={[Function]}
                  onFocus={[Function]}
                  onMouseOver={[Function]}
                  tabIndex={-1}
                  type="button"
                >
                  12
                </button>
              </td>
              <td
                className="Polaris-DatePicker__DayCell"
              >
                <button
                  aria-disabled={false}
                  aria-label="Tuesday September 13 2022"
                  aria-pressed={false}
                  className="Polaris-DatePicker__Day Polaris-DatePicker__Day--hasRange"
                  onClick={[Function]}
                  onFocus={[Function]}
                  onMouseOver={[Function]}
                  tabIndex={-1}
                  type="button"
                >
                  13
                </button>
              </td>
              <td
                className="Polaris-DatePicker__DayCell"
              >
                <button
                  aria-disabled={false}
                  aria-label="Wednesday September 14 2022"
                  aria-pressed={false}
                  className="Polaris-DatePicker__Day Polaris-DatePicker__Day--hasRange"
                  onClick={[Function]}
                  onFocus={[Function]}
                  onMouseOver={[Function]}
                  tabIndex={-1}
                  type="button"
                >
                  14
                </button>
              </td>
              <td
                className="Polaris-DatePicker__DayCell"
              >
                <button
                  aria-disabled={false}
                  aria-label="Thursday September 15 2022"
                  aria-pressed={false}
                  className="Polaris-DatePicker__Day Polaris-DatePicker__Day--hasRange"
                  onClick={[Function]}
                  onFocus={[Function]}
                  onMouseOver={[Function]}
                  tabIndex={-1}
                  type="button"
                >
                  15
                </button>
              </td>
              <td
                className="Polaris-DatePicker__DayCell"
              >
                <button
                  aria-disabled={false}
                  aria-label="Friday September 16 2022"
                  aria-pressed={false}
                  className="Polaris-DatePicker__Day Polaris-DatePicker__Day--hasRange"
                  onClick={[Function]}
                  onFocus={[Function]}
                  onMouseOver={[Function]}
                  tabIndex={-1}
                  type="button"
                >
                  16
                </button>
              </td>
              <td
                className="Polaris-DatePicker__DayCell"
              >
                <button
                  aria-disabled={false}
                  aria-label="Today Saturday September 17 2022"
                  aria-pressed={false}
                  className="Polaris-DatePicker__Day Polaris-DatePicker__Day--today Polaris-DatePicker__Day--hasRange"
                  onClick={[Function]}
                  onFocus={[Function]}
                  onMouseOver={[Function]}
                  tabIndex={0}
                  type="button"
                >
                  17
                </button>
              </td>
            </tr>
            <tr
              className="Polaris-DatePicker__Week"
            >
              <td
                className="Polaris-DatePicker__DayCell"
              >
                <button
                  aria-disabled={false}
                  aria-label="Sunday September 18 2022"
                  aria-pressed={false}
                  className="Polaris-DatePicker__Day Polaris-DatePicker__Day--hasRange"
                  onClick={[Function]}
                  onFocus={[Function]}
                  onMouseOver={[Function]}
                  tabIndex={-1}
                  type="button"
                >
                  18
                </button>
              </td>
              <td
                className="Polaris-DatePicker__DayCell"
              >
                <button
                  aria-disabled={false}
                  aria-label="Monday September 19 2022"
                  aria-pressed={false}
                  className="Polaris-DatePicker__Day Polaris-DatePicker__Day--hasRange"
                  onClick={[Function]}
                  onFocus={[Function]}
                  onMouseOver={[Function]}
                  tabIndex={-1}
                  type="button"
                >
                  19
                </button>
              </td>
              <td
                className="Polaris-DatePicker__DayCell"
              >
                <button
                  aria-disabled={false}
                  aria-label="Tuesday September 20 2022"
                  aria-pressed={false}
                  className="Polaris-DatePicker__Day Polaris-DatePicker__Day--hasRange"
                  onClick={[Function]}
                  onFocus={[Function]}
                  onMouseOver={[Function]}
                  tabIndex={-1}
                  type="button"
                >
                  20
                </button>
              </td>
              <td
                className="Polaris-DatePicker__DayCell"
              >
                <button
                  aria-disabled={false}
                  aria-label="Wednesday September 21 2022"
                  aria-pressed={false}
                  className="Polaris-DatePicker__Day Polaris-DatePicker__Day--hasRange"
                  onClick={[Function]}
                  onFocus={[Function]}
                  onMouseOver={[Function]}
                  tabIndex={-1}
                  type="button"
                >
                  21
                </button>
              </td>
              <td
                className="Polaris-DatePicker__DayCell"
              >
                <button
                  aria-disabled={false}
                  aria-label="Thursday September 22 2022"
                  aria-pressed={false}
                  className="Polaris-DatePicker__Day Polaris-DatePicker__Day--hasRange"
                  onClick={[Function]}
                  onFocus={[Function]}
                  onMouseOver={[Function]}
                  tabIndex={-1}
                  type="button"
                >
                  22
                </button>
              </td>
              <td
                className="Polaris-DatePicker__DayCell"
              >
                <button
                  aria-disabled={false}
                  aria-label="Friday September 23 2022"
                  aria-pressed={false}
                  className="Polaris-DatePicker__Day Polaris-DatePicker__Day--hasRange"
                  onClick={[Function]}
                  onFocus={[Function]}
                  onMouseOver={[Function]}
                  tabIndex={-1}
                  type="button"
                >
                  23
                </button>
              </td>
              <td
                className="Polaris-DatePicker__DayCell"
              >
                <button
                  aria-disabled={false}
                  aria-label="Saturday September 24 2022"
                  aria-pressed={false}
                  className="Polaris-DatePicker__Day Polaris-DatePicker__Day--hasRange"
                  onClick={[Function]}
                  onFocus={[Function]}
                  onMouseOver={[Function]}
                  tabIndex={-1}
                  type="button"
                >
                  24
                </button>
              </td>
            </tr>
            <tr
              className="Polaris-DatePicker__Week"
            >
              <td
                className="Polaris-DatePicker__DayCell"
              >
                <button
                  aria-disabled={false}
                  aria-label="Sunday September 25 2022"
                  aria-pressed={false}
                  className="Polaris-DatePicker__Day Polaris-DatePicker__Day--hasRange"
                  onClick={[Function]}
                  onFocus={[Function]}
                  onMouseOver={[Function]}
                  tabIndex={-1}
                  type="button"
                >
                  25
                </button>
              </td>
              <td
                className="Polaris-DatePicker__DayCell"
              >
                <button
                  aria-disabled={false}
                  aria-label="Monday September 26 2022"
                  aria-pressed={false}
                  className="Polaris-DatePicker__Day Polaris-DatePicker__Day--hasRange"
                  onClick={[Function]}
                  onFocus={[Function]}
                  onMouseOver={[Function]}
                  tabIndex={-1}
                  type="button"
                >
                  26
                </button>
              </td>
              <td
                className="Polaris-DatePicker__DayCell"
              >
                <button
                  aria-disabled={false}
                  aria-label="Tuesday September 27 2022"
                  aria-pressed={false}
                  className="Polaris-DatePicker__Day Polaris-DatePicker__Day--hasRange"
                  onClick={[Function]}
                  onFocus={[Function]}
                  onMouseOver={[Function]}
                  tabIndex={-1}
                  type="button"
                >
                  27
                </button>
              </td>
              <td
                className="Polaris-DatePicker__DayCell"
              >
                <button
                  aria-disabled={false}
                  aria-label="Wednesday September 28 2022"
                  aria-pressed={false}
                  className="Polaris-DatePicker__Day Polaris-DatePicker__Day--hasRange"
                  onClick={[Function]}
                  onFocus={[Function]}
                  onMouseOver={[Function]}
                  tabIndex={-1}
                  type="button"
                >
                  28
                </button>
              </td>
              <td
                className="Polaris-DatePicker__DayCell"
              >
                <button
                  aria-disabled={false}
                  aria-label="Thursday September 29 2022"
                  aria-pressed={false}
                  className="Polaris-DatePicker__Day Polaris-DatePicker__Day--hasRange"
                  onClick={[Function]}
                  onFocus={[Function]}
                  onMouseOver={[Function]}
                  tabIndex={-1}
                  type="button"
                >
                  29
                </button>
              </td>
              <td
                className="Polaris-DatePicker__DayCell"
              >
                <button
                  aria-disabled={false}
                  aria-label="Friday September 30 2022"
                  aria-pressed={false}
                  className="Polaris-DatePicker__Day Polaris-DatePicker__Day--hasRange"
                  onClick={[Function]}
                  onFocus={[Function]}
                  onMouseOver={[Function]}
                  tabIndex={-1}
                  type="button"
                >
                  30
                </button>
              </td>
              <td
                className="Polaris-DatePicker__EmptyDayCell"
                onMouseOver={[Function]}
              />
            </tr>
          </tbody>
        </table>
      </div>
    </div>
  </div>,
  <div
    id="PolarisPortalsContainer"
  />,
]
`;
