// Jest Snapshot v1, https://goo.gl/fbAQLP

exports[`BookmarkForm tests BookmarkForm renders correctly hidden 1`] = `
Array [
  <form
    className="bookmark_form form_invalid"
  >
    <input
      className="input"
      onChange={[Function]}
      placeholder="Summary"
      value=""
    />
    <div
      className="textarea_wrapper"
    >
      <textarea
        className="textarea"
        onChange={[Function]}
        onKeyDown={[Function]}
        placeholder="Contents"
        rows={3}
        value=""
      />
    </div>
    <div
      className="container tags_container"
      onClick={[Function]}
    >
      <span
        className="sp"
      >
        <input
          className="input"
          onBlur={[Function]}
          onChange={[Function]}
          onKeyDown={[Function]}
          placeholder="Tags"
          value=""
        />
      </span>
    </div>
    <button
      className="button"
      onClick={[Function]}
    >
      ✔️Add
    </button>
  </form>,
  <div
    id="PolarisPortalsContainer"
  />,
  <div
    id="PolarisPortalsContainer"
  />,
]
`;

exports[`BookmarkForm tests BookmarkForm renders correctly visible 1`] = `
Array [
  <form
    className="bookmark_form form_invalid"
  >
    <input
      className="input"
      onChange={[Function]}
      placeholder="Summary"
      value=""
    />
    <div
      className="textarea_wrapper"
    >
      <textarea
        className="textarea"
        onChange={[Function]}
        onKeyDown={[Function]}
        placeholder="Contents"
        rows={3}
        value=""
      />
    </div>
    <div
      className="container tags_container"
      onClick={[Function]}
    >
      <span
        className="sp"
      >
        <input
          className="input"
          onBlur={[Function]}
          onChange={[Function]}
          onKeyDown={[Function]}
          placeholder="Tags"
          value=""
        />
      </span>
    </div>
    <button
      className="button"
      onClick={[Function]}
    >
      ✔️Add
    </button>
  </form>,
  <div
    id="PolarisPortalsContainer"
  />,
  <div
    id="PolarisPortalsContainer"
  />,
]
`;
