// Jest Snapshot v1, https://goo.gl/fbAQLP

exports[`TagsEditor renders correctly 1`] = `
<div
  className="container"
  onClick={[Function]}
>
  <span
    className="tag"
    onClick={[Function]}
    onMouseEnter={[Function]}
    onMouseLeave={[Function]}
  >
    tag1
  </span>
  <span
    className="tag"
    onClick={[Function]}
    onMouseEnter={[Function]}
    onMouseLeave={[Function]}
  >
    tag2
  </span>
  <span
    className="tag"
    onClick={[Function]}
    onMouseEnter={[Function]}
    onMouseLeave={[Function]}
  >
    tag3
  </span>
  <span
    className="sp"
  >
    <input
      className="input"
      onBlur={[Function]}
      onChange={[Function]}
      onKeyDown={[Function]}
      placeholder="Tags"
      value=""
    />
  </span>
</div>
`;
