// Jest Snapshot v1, https://goo.gl/fbAQLP

exports[`Filter tests Filter renders correctly 1`] = `
Array [
  <button
    className="Polaris-Tag Polaris-Tag--clickable"
    disabled={false}
    onClick={[Function]}
    type="button"
  >
    ❌
  </button>,
  <div
    id="PolarisPortalsContainer"
  />,
]
`;
