// Jest Snapshot v1, https://goo.gl/fbAQLP

exports[`Bookmark renders correctly 1`] = `
<div
  className="bookmark"
>
  <input
    checked={true}
    className="done_checkbox"
    onChange={[Function]}
    onClick={[Function]}
    type="checkbox"
  />
  <div
    className="header_div"
    data-for="registerTipab2809a7-de53-4494-8ece-2aeecadce254"
    data-tip={true}
    onMouseEnter={[Function]}
    onMouseLeave={[Function]}
  >
    <span>
      <button
        className="btn_remove"
        onClick={[Function]}
      >
        ❌
      </button>
    </span>
    <div
      className="summary_preview"
    >
      <span
        className="summary_preview_text"
      />
      <a
        className="link"
        href="/bookmark/ab2809a7-de53-4494-8ece-2aeecadce254"
        onClick={[Function]}
      >
        🔗
      </a>
    </div>
    <div
      className="summary done"
      contentEditable={true}
      dangerouslySetInnerHTML={
        Object {
          "__html": "Edit tags",
        }
      }
      disabled={false}
      onBlur={[Function]}
      onChange={[Function]}
      onInput={[Function]}
      onKeyDown={[Function]}
      onKeyUp={[Function]}
    />
  </div>
  <div
    className="created"
  >
    Created: 
    8 months ago
  </div>
  <div
    className="created"
  >
    Updated: 
    7 months ago
  </div>
  <div
    className="contents"
    contentEditable={true}
    dangerouslySetInnerHTML={
      Object {
        "__html": "Ability to edit tags for existing bookmarks
Second line
Third line",
      }
    }
    disabled={false}
    onBlur={[Function]}
    onChange={[Function]}
    onInput={[Function]}
    onKeyDown={[Function]}
    onKeyUp={[Function]}
  />
  <br />
  <div
    className="container tags_container"
    onClick={[Function]}
  >
    <span
      className="tag"
      onClick={[Function]}
      onMouseEnter={[Function]}
      onMouseLeave={[Function]}
    >
      Task
    </span>
    <span
      className="sp"
    >
      <input
        className="input"
        onBlur={[Function]}
        onChange={[Function]}
        onKeyDown={[Function]}
        placeholder="Tags"
        value=""
      />
    </span>
  </div>
</div>
`;
